[META]
meta.general.basename = string
meta.general.sensor = string
meta.general.sensor_name = string
meta.general.mode = string
# meta.general.processor = string
# meta.general.data_type = string
# meta.general.image_data_type = string
# meta.general.radiometry = string
# meta.general.system = string
meta.general.acquisition_date = string
meta.general.orbit = integer
meta.general.orbit_direction = string
meta.general.frame = integer
# meta.general.band_count = integer
# meta.general.bands = string
# meta.general.line_count = integer
# meta.general.sample_count = integer
# meta.general.start_line = integer
# meta.general.start_sample = integer
# meta.general.x_pixel_size = double
# meta.general.y_pixel_size = double
meta.general.center_latitude = double
meta.general.center_longitude = double
# meta.general.re_major = double
# meta.general.re_minor = double
# meta.general.bit_error_rate = double
# meta.general.missing_lines = integer
# meta.general.no_data = double
# meta.sar.image_type = string
# meta.sar.look_direction = string
# meta.sar.look_count = integer
# meta.sar.deskewed = integer
# meta.sar.original_line_count = integer
# meta.sar.original_sample_count = integer
# meta.sar.line_increment = double
# meta.sar.sample_increment = double
# meta.sar.range_time_per_pixel = double
# meta.sar.azimuth_time_per_pixel = double
# meta.sar.slant_shift = double
# meta.sar.time_shift = double
# meta.sar.slant_range_first_pixel = double
# meta.sar.wavelength = double
# meta.sar.prf = double
# meta.sar.earth_radius = double
# meta.sar.earth_radius_pp = double
# meta.sar.satellite_height = double
# meta.sar.satellite_binary_time = string
# meta.sar.satellite_clock_time = string
# meta.sar.range_doppler_coefficients = double
# meta.sar.azimuth_doppler_coefficients = double
# meta.sar.azimuth_processing_bandwidth = double
# meta.sar.chirp_rate = double
# meta.sar.pulse_duration = double
# meta.sar.range_sampling_rate = double
# meta.sar.polarization = string
# meta.sar.multilook = integer
# meta.sar.pitch = double
# meta.sar.roll = double
# meta.sar.yaw = double
meta.optical.pointing_direction = string
# meta.optical.off_nadir_angle = double
# meta.optical.correction_level = string
# meta.optical.cloud_percentage = double
# meta.optical.sun_azimuth_angle = double
# meta.optical.sun_elevation_angle = double
# meta.thermal.band_gain = double
# meta.thermal.band_gain_change = double
# meta.thermal.day = integer
# meta.transform.parameter_count = integer
# meta.transform.x = double
# meta.transform.y = double
# meta.transform.l = double
# meta.transform.s = double
# meta.transform.incid_a = double
meta.airsar.scale_factor = double
meta.airsar.gps_altitude = double
meta.airsar.lat_peg_point = double
meta.airsar.lon_peg_point = double
meta.airsar.head_peg_point = double
meta.airsar.along_track_offset = double
meta.airsar.cross_track_offset = double
# meta.projection.type = string
# meta.projection.startX = double,
# meta.projection.startY = double
# meta.projection.perX = double
# meta.projection.perY = double
# meta.projection.units = string
# meta.projection.hem = string
# meta.projection.spheroid = string
# meta.projection.re_major = double
# meta.projection.re_minor = double
# meta.projection.datum = string
# meta.projection.height = double
# meta.projection.param.albers.std_parallel1 = double
# meta.projection.param.albers.std_parallel2 = double
# meta.projection.param.albers.center_meridian = double
# meta.projection.param.albers.orig_latitude = double
# meta.projection.param.albers.false_easting = double
# meta.projection.param.albers.false_northing = double
# meta.projection.param.atct.rlocal = double
# meta.projection.param.atct.alpha1 = double
# meta.projection.param.atct.alpha2 = double
# meta.projection.param.atct.alpha3 = double
# meta.projection.param.lamaz.center_lon = double
# meta.projection.param.lamaz.center_lat = double
# meta.projection.param.lamaz.false_easting = double
# meta.projection.param.lamaz.false_northing = double
# meta.projection.param.lamcc.plat1 = double
# meta.projection.param.lamcc.plat2 = double
# meta.projection.param.lamcc.lat0 = double
# meta.projection.param.lamcc.lon0 = double
# meta.projection.param.lamcc.false_easting = double
# meta.projection.param.lamcc.false_northing = double
# meta.projection.param.lamcc.scale_factor = double
# meta.projection.param.ps.slat = double
# meta.projection.param.ps.slon = double
# meta.projection.param.ps.is_north_pole = integer
# meta.projection.param.ps.false_easting = double
# meta.projection.param.ps.false_northing = double
# meta.projection.param.utm.zone = integer
# meta.projection.param.utm.false_easting = double
# meta.projection.param.utm.false_northing = double
# meta.projection.param.utm.lat0 = double
# meta.projection.param.utm.lon0 = double
# meta.projection.param.utm.scale_factor = double
# meta.projection.param.state.zone = integer
# meta.stats.band_count = integer
# meta.stats.band_stats.band_id = string
# meta.stats.band_stats.min = double
# meta.stats.band_stats.max = double
# meta.stats.band_stats.mean = double
# meta.stats.band_stats.rmse = double
# meta.stats.band_stats.std_deviation = double
# meta.stats.band_stats.mask = double
# meta.state.year = integer
# meta.state.julDay = integer
# meta.state.second = double
# meta.state.vector_count = integer
# meta.state.vectors = double
meta.location.lat_start_near_range = double
meta.location.lon_start_near_range = double
meta.location.lat_start_far_range = double
meta.location.lon_start_far_range = double
meta.location.lat_end_near_range = double
meta.location.lon_end_near_range = double
meta.location.lat_end_far_range = double
meta.location.lon_end_far_range = double

[AUIG]
SENSOR = string
SCNID = string
DLPATHNO = string
USESEGNO = string
RECMODE	= string
RECPATH	= string
GSCD = string
OPEMD = string
TBLNO = integer
REV = string
PATHNO = integer
CENFLMNO = integer
PROOFFLG = string
STEERING = string
ORBITSTAT = string
GRS_LINENO = integer
OBS_ORBITNO = integer
OBTDIR = string
SUN_SUNELE = integer
SUN_SUNAZI = integer
SCN_SDATE = string
SCN_STIME = string
SCN_CDATE = string
SCN_CTIME = string
SCN_CLAT = double
SCN_CLON = double
SCN_LULAT = double
SCN_LULON = double
SCN_RULAT = double
SCN_RULON = double
SCN_LDLAT = double
SCN_LDLON = double
SCN_RULAT = double
SCN_RDLON = double
POINTFLG = string
UCUT = string
FCUT = string
RCUT = string
UGAIN = string
FGAIN = string
RGAIN = string
PNTANG = string
GAINSTS	= string
EPSSTS = string
REC_CLDSCENE = string
REC_CLDDEVSCENE	= string
REC_ALLQLTY = string
REC_LINELOS = string
DLSEGNO	= string
VLDSDATE = string
TRNSDATE = string
OBSSDATE = string
OBSEDATE = string
SATCD = string
VLDSDEAD_DATE = string
VLDEDEAD_DATE = string
DATARATE = integer
FILENAME = string
L0STATUS = string
ARCHMODE = string
URGFLG = string
SEMIREAL = string
GRS_COLNO = integer
SCN_POSX = double
SCN_POSY = double
SCN_POSZ = double
SCN_SPDX = double
SCN_SPDY = double
SCN_SPDZ = double
ROTCOREVISE = string
REC_CLDVERSION = string
REC_PIXCEL = string
REC_LINENUM = string
PRC_BIT_PIXCEL = string
PRC_PIXCELSETSTAT = string
REC_GPS_DMS = string
REC_ORBITNUM = string
REC_PATHDATE = string
REC_PATHNUM = string
REC_VLDSDATE = string
REC_VLDEDATE = string
REC_SATCNTPERIOD = string
REC_BASESATTIME	= string
REC_BASEGRDDATE	= string
REC_UTC_GPS = string
BRS_FILENAME = string
BRS_FILESIZE = string
BRS_FILEDATE = string
TNL_FILENAME = string
TNL_FILESIZE = string
TNL_FILEDATE = string
L0_EX = string
CHK_FLG	= string
OPESTAT	= sring
REC_RBAND = string
REC_GBAND = string
REC_BBAND = string
OFFNADIR = double

[POLYGON]
ID = string
lat = double
lon = double

[POINT]
ID = string
lat = double
lon = double

[GEOTIFF]
ID = string
FORMAT = string
BITS_SAMPLES = integer
PLANES = string
NUM_BANDS = integer
LAT = double
LON = double

[URSA]
Granule_Name = string
Granule_Type = string
Platform = string
Sensor = string
Orbit = integer
Beam_Mode = string
Off_Nadir_Angle = double
Start_Time = string
End_Time = string
Near_Start_Lat = double
Near_Start_Lon = double
Far_Start_Lat = double
Far_Start_Lon = double
Near_End_Lat = double
Near_End_Lon = double
Far_End_Lat = double
Far_End_Lon = double
Center_Lat = double
Center_Lon = double
Path_Number = integer
Frame_Number = integer
Cloud_Cover = integer
Faraday_Rotation = double

[DATAPOOL]
Granule_Name = string
Platform = string
Sensor = string
Beam_Mode = string
# Beam_Mode_Description = string
Orbit = integer
Path_Number = integer
Frame_Number = integer
Acquisition_Date = string
# Processing_Date = string
# Processing_Level = string
Start_Time = string
End_Time = string
Center_Lat = double
Center_Lon = double
Near_Start_Lat = double
Near_Start_Lon = double
Far_Start_Lat = double
Far_Start_Lon = double
Near_End_Lat = double
Near_End_Lon = double
Far_End_Lat = double
Far_End_Lon = double
Faraday_Rotation = double
Orbit_Direction = string
Url = string
Size = double
Off_Nadir_Angle = double

[HAP]
Filename = string
Date_Photography = string
Location = string
Mission_Line = string
Roll = string
Frame = integer
Center_Lat = double
Center_Lon = double
Upper_Left_Lat = double
Upper_Left_Lon = double
Upper_Right_Lat = double
Upper_Right_Lon = double
Lower_Left_Lat = double
Lower_Left_Lon = double
Lower_Right_Lat = double
Lower_Right_Lon = double
Photography = string
Camera = string
Focal_Length = string
Sensor_Coverage = string
Altitude = string
Field_Of_View = string
Resolution = string
Overlap = string
Scale = string
Comments = string
Metadata = string
Thumbnail = string
Description = string
Download1 = string
Size1 = string
Download2 = string
Size2 = string

[TEST]
string = string
double = double
integer = integer
lat = double
lon = double
